I'm sorry, but errors were detected in your script. Please correct the
errors listed below, and try again.


File "game/glossary_gallery.rpy", line 558: is not terminated with a newline. (Check strings and parenthesis.)
            textbutton "Room 3 - AgentAbacus" action (mr.Play("bgm/room3.mp3"), SetVariable('playing', name_playing())

Ren'Py Version: Ren'Py 6.17.7.521
